bench: dokument  v /Users/j/Projects/conbond6/data/corpus/conBond2/data/raw není — přeskočen
bench: dokument bible_exodus v /Users/j/Projects/conbond6/data/corpus/conBond2/data/raw není — přeskočen
bench: dokument bible_galaťanům v /Users/j/Projects/conbond6/data/corpus/conBond2/data/raw není — přeskočen
bench: dokument bible_genesis v /Users/j/Projects/conbond6/data/corpus/conBond2/data/raw není — přeskočen
bench: dokument bible_genesis+bible_skutky_apoštolské v /Users/j/Projects/conbond6/data/corpus/conBond2/data/raw není — přeskočen
bench: dokument bible_jan v /Users/j/Projects/conbond6/data/corpus/conBond2/data/raw není — přeskočen
bench: dokument bible_lukas v /Users/j/Projects/conbond6/data/corpus/conBond2/data/raw není — přeskočen
bench: dokument bible_markus v /Users/j/Projects/conbond6/data/corpus/conBond2/data/raw není — přeskočen
bench: dokument bible_matous v /Users/j/Projects/conbond6/data/corpus/conBond2/data/raw není — přeskočen
bench: dokument poznamky_domacnost v /Users/j/Projects/conbond6/data/corpus/conBond2/data/raw není — přeskočen
bench: dokument priroda_ceska v /Users/j/Projects/conbond6/data/corpus/conBond2/data/raw není — přeskočen
bench: dokument rodina_novakovi v /Users/j/Projects/conbond6/data/corpus/conBond2/data/raw není — přeskočen
bench: dokument wiki_božena_němcová v /Users/j/Projects/conbond6/data/corpus/conBond2/data/raw není — přeskočen
bench: dokument wiki_jaroslav_hašek v /Users/j/Projects/conbond6/data/corpus/conBond2/data/raw není — přeskočen
bench: dokument wiki_karel_čapek v /Users/j/Projects/conbond6/data/corpus/conBond2/data/raw není — přeskočen
bench: dokument wiki_kůň_domácí v /Users/j/Projects/conbond6/data/corpus/conBond2/data/raw není — přeskočen
bench: dokument wiki_pes_domácí v /Users/j/Projects/conbond6/data/corpus/conBond2/data/raw není — přeskočen
bench: dokument wiki_r.u.r. v /Users/j/Projects/conbond6/data/corpus/conBond2/data/raw není — přeskočen
bench: dokument wikisofia_pribuzenstvi v /Users/j/Projects/conbond6/data/corpus/conBond2/data/raw není — přeskočen
… wiki/alois_jirásek (10 otázek)
… wiki/antarktida (3 otázek)
… wiki/arnošt_lustig (5 otázek)
